Analysis & Synthesis report for cpu
Tue Nov 21 21:45:41 2023
Quartus Prime Version 18.1.0 Build 625 09/12/2018 SJ Lite Edition


---------------------
; Table of Contents ;
---------------------
  1. Legal Notice
  2. Analysis & Synthesis Summary
  3. Analysis & Synthesis Settings
  4. Parallel Compilation
  5. Analysis & Synthesis Messages



----------------
; Legal Notice ;
----------------
Copyright (C) 2018  Intel Corporation. All rights reserved.
Your use of Intel Corporation's design tools, logic functions 
and other software and tools, and its AMPP partner logic 
functions, and any output files from any of the foregoing 
(including device programming or simulation files), and any 
associated documentation or information are expressly subject 
to the terms and conditions of the Intel Program License 
Subscription Agreement, the Intel Quartus Prime License Agreement,
the Intel FPGA IP License Agreement, or other applicable license
agreement, including, without limitation, that your use is for
the sole purpose of programming logic devices manufactured by
Intel and sold by Intel or its authorized distributors.  Please
refer to the applicable agreement for further details.



+---------------------------------------------------------------------------+
; Analysis & Synthesis Summary                                              ;
+-----------------------------+---------------------------------------------+
; Analysis & Synthesis Status ; Failed - Tue Nov 21 21:45:41 2023           ;
; Quartus Prime Version       ; 18.1.0 Build 625 09/12/2018 SJ Lite Edition ;
; Revision Name               ; cpu                                         ;
; Top-level Entity Name       ; cpu                                         ;
; Family                      ; Cyclone V                                   ;
; Logic utilization (in ALMs) ; N/A until Partition Merge                   ;
; Total registers             ; N/A until Partition Merge                   ;
; Total pins                  ; N/A until Partition Merge                   ;
; Total virtual pins          ; N/A until Partition Merge                   ;
; Total block memory bits     ; N/A until Partition Merge                   ;
; Total PLLs                  ; N/A until Partition Merge                   ;
; Total DLLs                  ; N/A until Partition Merge                   ;
+-----------------------------+---------------------------------------------+


+---------------------------------------------------------------------------------------------------------------------------+
; Analysis & Synthesis Settings                                                                                             ;
+---------------------------------------------------------------------------------+--------------------+--------------------+
; Option                                                                          ; Setting            ; Default Value      ;
+---------------------------------------------------------------------------------+--------------------+--------------------+
; Device                                                                          ; 5CSEMA5F31C6       ;                    ;
; Top-level entity name                                                           ; cpu                ; cpu                ;
; Family name                                                                     ; Cyclone V          ; Cyclone V          ;
; Use smart compilation                                                           ; Off                ; Off                ;
; Enable parallel Assembler and Timing Analyzer during compilation                ; On                 ; On                 ;
; Enable compact report table                                                     ; Off                ; Off                ;
; Restructure Multiplexers                                                        ; Auto               ; Auto               ;
; MLAB Add Timing Constraints For Mixed-Port Feed-Through Mode Setting Don't Care ; Off                ; Off                ;
; Create Debugging Nodes for IP Cores                                             ; Off                ; Off                ;
; Preserve fewer node names                                                       ; On                 ; On                 ;
; Intel FPGA IP Evaluation Mode                                                   ; Enable             ; Enable             ;
; Verilog Version                                                                 ; Verilog_2001       ; Verilog_2001       ;
; VHDL Version                                                                    ; VHDL_1993          ; VHDL_1993          ;
; State Machine Processing                                                        ; Auto               ; Auto               ;
; Safe State Machine                                                              ; Off                ; Off                ;
; Extract Verilog State Machines                                                  ; On                 ; On                 ;
; Extract VHDL State Machines                                                     ; On                 ; On                 ;
; Ignore Verilog initial constructs                                               ; Off                ; Off                ;
; Iteration limit for constant Verilog loops                                      ; 5000               ; 5000               ;
; Iteration limit for non-constant Verilog loops                                  ; 250                ; 250                ;
; Add Pass-Through Logic to Inferred RAMs                                         ; On                 ; On                 ;
; Infer RAMs from Raw Logic                                                       ; On                 ; On                 ;
; Parallel Synthesis                                                              ; On                 ; On                 ;
; DSP Block Balancing                                                             ; Auto               ; Auto               ;
; NOT Gate Push-Back                                                              ; On                 ; On                 ;
; Power-Up Don't Care                                                             ; On                 ; On                 ;
; Remove Redundant Logic Cells                                                    ; Off                ; Off                ;
; Remove Duplicate Registers                                                      ; On                 ; On                 ;
; Ignore CARRY Buffers                                                            ; Off                ; Off                ;
; Ignore CASCADE Buffers                                                          ; Off                ; Off                ;
; Ignore GLOBAL Buffers                                                           ; Off                ; Off                ;
; Ignore ROW GLOBAL Buffers                                                       ; Off                ; Off                ;
; Ignore LCELL Buffers                                                            ; Off                ; Off                ;
; Ignore SOFT Buffers                                                             ; On                 ; On                 ;
; Limit AHDL Integers to 32 Bits                                                  ; Off                ; Off                ;
; Optimization Technique                                                          ; Balanced           ; Balanced           ;
; Carry Chain Length                                                              ; 70                 ; 70                 ;
; Auto Carry Chains                                                               ; On                 ; On                 ;
; Auto Open-Drain Pins                                                            ; On                 ; On                 ;
; Perform WYSIWYG Primitive Resynthesis                                           ; Off                ; Off                ;
; Auto ROM Replacement                                                            ; On                 ; On                 ;
; Auto RAM Replacement                                                            ; On                 ; On                 ;
; Auto DSP Block Replacement                                                      ; On                 ; On                 ;
; Auto Shift Register Replacement                                                 ; Auto               ; Auto               ;
; Allow Shift Register Merging across Hierarchies                                 ; Auto               ; Auto               ;
; Auto Clock Enable Replacement                                                   ; On                 ; On                 ;
; Strict RAM Replacement                                                          ; Off                ; Off                ;
; Allow Synchronous Control Signals                                               ; On                 ; On                 ;
; Force Use of Synchronous Clear Signals                                          ; Off                ; Off                ;
; Auto Resource Sharing                                                           ; Off                ; Off                ;
; Allow Any RAM Size For Recognition                                              ; Off                ; Off                ;
; Allow Any ROM Size For Recognition                                              ; Off                ; Off                ;
; Allow Any Shift Register Size For Recognition                                   ; Off                ; Off                ;
; Use LogicLock Constraints during Resource Balancing                             ; On                 ; On                 ;
; Ignore translate_off and synthesis_off directives                               ; Off                ; Off                ;
; Timing-Driven Synthesis                                                         ; On                 ; On                 ;
; Report Parameter Settings                                                       ; On                 ; On                 ;
; Report Source Assignments                                                       ; On                 ; On                 ;
; Report Connectivity Checks                                                      ; On                 ; On                 ;
; Ignore Maximum Fan-Out Assignments                                              ; Off                ; Off                ;
; Synchronization Register Chain Length                                           ; 3                  ; 3                  ;
; Power Optimization During Synthesis                                             ; Normal compilation ; Normal compilation ;
; HDL message level                                                               ; Level2             ; Level2             ;
; Suppress Register Optimization Related Messages                                 ; Off                ; Off                ;
; Number of Removed Registers Reported in Synthesis Report                        ; 5000               ; 5000               ;
; Number of Swept Nodes Reported in Synthesis Report                              ; 5000               ; 5000               ;
; Number of Inverted Registers Reported in Synthesis Report                       ; 100                ; 100                ;
; Clock MUX Protection                                                            ; On                 ; On                 ;
; Auto Gated Clock Conversion                                                     ; Off                ; Off                ;
; Block Design Naming                                                             ; Auto               ; Auto               ;
; SDC constraint protection                                                       ; Off                ; Off                ;
; Synthesis Effort                                                                ; Auto               ; Auto               ;
; Shift Register Replacement - Allow Asynchronous Clear Signal                    ; On                 ; On                 ;
; Pre-Mapping Resynthesis Optimization                                            ; Off                ; Off                ;
; Analysis & Synthesis Message Level                                              ; Medium             ; Medium             ;
; Disable Register Merging Across Hierarchies                                     ; Auto               ; Auto               ;
; Resource Aware Inference For Block RAM                                          ; On                 ; On                 ;
; Automatic Parallel Synthesis                                                    ; On                 ; On                 ;
; Partial Reconfiguration Bitstream ID                                            ; Off                ; Off                ;
+---------------------------------------------------------------------------------+--------------------+--------------------+


+------------------------------------------+
; Parallel Compilation                     ;
+----------------------------+-------------+
; Processors                 ; Number      ;
+----------------------------+-------------+
; Number detected on machine ; 16          ;
; Maximum allowed            ; 12          ;
;                            ;             ;
; Average used               ; 1.00        ;
; Maximum used               ; 1           ;
;                            ;             ;
; Usage by Processor         ; % Time Used ;
;     Processor 1            ; 100.0%      ;
+----------------------------+-------------+


+-------------------------------+
; Analysis & Synthesis Messages ;
+-------------------------------+
Info: *******************************************************************
Info: Running Quartus Prime Analysis & Synthesis
    Info: Version 18.1.0 Build 625 09/12/2018 SJ Lite Edition
    Info: Processing started: Tue Nov 21 21:45:30 2023
Info: Command: quartus_map --read_settings_files=on --write_settings_files=off cpu -c cpu
Warning (18236): Number of processors has not been specified which may cause overloading on shared machines.  Set the global assignment NUM_PARALLEL_PROCESSORS in your QSF to an appropriate value for best performance.
Info (20030): Parallel compilation is enabled and will use 12 of the 12 processors detected
Info (12021): Found 1 design units, including 1 entities, in source file /users/makac/cpen-211/lab6/lab6/shifter_tb.sv
    Info (12023): Found entity 1: shifter_tb File: C:/Users/makac/cpen-211/lab6/lab6/shifter_tb.sv Line: 1
Info (12021): Found 1 design units, including 1 entities, in source file /users/makac/cpen-211/lab6/lab6/shifter.sv
    Info (12023): Found entity 1: shifter File: C:/Users/makac/cpen-211/lab6/lab6/shifter.sv Line: 1
Info (12021): Found 1 design units, including 1 entities, in source file /users/makac/cpen-211/lab6/lab6/regfile_tb.sv
    Info (12023): Found entity 1: regfile_tb File: C:/Users/makac/cpen-211/lab6/lab6/regfile_tb.sv Line: 1
Info (12021): Found 2 design units, including 2 entities, in source file /users/makac/cpen-211/lab6/lab6/regfile.sv
    Info (12023): Found entity 1: regfile File: C:/Users/makac/cpen-211/lab6/lab6/regfile.sv Line: 1
    Info (12023): Found entity 2: regfile_load File: C:/Users/makac/cpen-211/lab6/lab6/regfile.sv Line: 91
Info (12021): Found 4 design units, including 4 entities, in source file /users/makac/cpen-211/lab6/lab6/lab6_top.sv
    Info (12023): Found entity 1: lab6_top File: C:/Users/makac/cpen-211/lab6/lab6/lab6_top.sv Line: 32
    Info (12023): Found entity 2: input_iface File: C:/Users/makac/cpen-211/lab6/lab6/lab6_top.sv Line: 68
    Info (12023): Found entity 3: vDFF File: C:/Users/makac/cpen-211/lab6/lab6/lab6_top.sv Line: 79
    Info (12023): Found entity 4: sseg File: C:/Users/makac/cpen-211/lab6/lab6/lab6_top.sv Line: 96
Info (12021): Found 1 design units, including 1 entities, in source file /users/makac/cpen-211/lab6/lab6/lab6_autograder_check.sv
    Info (12023): Found entity 1: lab6_check File: C:/Users/makac/cpen-211/lab6/lab6/lab6_autograder_check.sv Line: 11
Info (12021): Found 1 design units, including 1 entities, in source file /users/makac/cpen-211/lab6/lab6/instruction_register.sv
    Info (12023): Found entity 1: instruction_register File: C:/Users/makac/cpen-211/lab6/lab6/instruction_register.sv Line: 1
Warning (12090): Entity "Mux" obtained from "../Instruction_Decoder.sv" instead of from Quartus Prime megafunction library File: C:/Users/makac/cpen-211/lab6/lab6/Instruction_Decoder.sv Line: 53
Info (12021): Found 4 design units, including 4 entities, in source file /users/makac/cpen-211/lab6/lab6/instruction_decoder.sv
    Info (12023): Found entity 1: Instruction_Decoder File: C:/Users/makac/cpen-211/lab6/lab6/Instruction_Decoder.sv Line: 1
    Info (12023): Found entity 2: Mux File: C:/Users/makac/cpen-211/lab6/lab6/Instruction_Decoder.sv Line: 53
    Info (12023): Found entity 3: signExtend8 File: C:/Users/makac/cpen-211/lab6/lab6/Instruction_Decoder.sv Line: 72
    Info (12023): Found entity 4: signExtend5 File: C:/Users/makac/cpen-211/lab6/lab6/Instruction_Decoder.sv Line: 92
Info (12021): Found 1 design units, including 1 entities, in source file /users/makac/cpen-211/lab6/lab6/fsm_controller_tb.sv
    Info (12023): Found entity 1: fsm_controller_tb File: C:/Users/makac/cpen-211/lab6/lab6/fsm_controller_tb.sv Line: 3
Info (12021): Found 1 design units, including 1 entities, in source file /users/makac/cpen-211/lab6/lab6/fsm_controller.sv
    Info (12023): Found entity 1: fsm_controller File: C:/Users/makac/cpen-211/lab6/lab6/fsm_controller.sv Line: 1
Info (12021): Found 1 design units, including 1 entities, in source file /users/makac/cpen-211/lab6/lab6/datapath_tb.sv
    Info (12023): Found entity 1: datapath_tb File: C:/Users/makac/cpen-211/lab6/lab6/datapath_tb.sv Line: 2
Info (12021): Found 4 design units, including 4 entities, in source file /users/makac/cpen-211/lab6/lab6/datapath.sv
    Info (12023): Found entity 1: datapath File: C:/Users/makac/cpen-211/lab6/lab6/datapath.sv Line: 1
    Info (12023): Found entity 2: reg_load File: C:/Users/makac/cpen-211/lab6/lab6/datapath.sv Line: 140
    Info (12023): Found entity 3: source_mux_a File: C:/Users/makac/cpen-211/lab6/lab6/datapath.sv Line: 155
    Info (12023): Found entity 4: source_mux_b File: C:/Users/makac/cpen-211/lab6/lab6/datapath.sv Line: 163
Info (12021): Found 1 design units, including 1 entities, in source file /users/makac/cpen-211/lab6/lab6/cpu_tb.sv
    Info (12023): Found entity 1: cpu_tb File: C:/Users/makac/cpen-211/lab6/lab6/cpu_tb.sv Line: 3
Info (12021): Found 1 design units, including 1 entities, in source file /users/makac/cpen-211/lab6/lab6/cpu.sv
    Info (12023): Found entity 1: cpu File: C:/Users/makac/cpen-211/lab6/lab6/cpu.sv Line: 1
Info (12021): Found 1 design units, including 1 entities, in source file /users/makac/cpen-211/lab6/lab6/alu_tb.sv
    Info (12023): Found entity 1: ALU_tb File: C:/Users/makac/cpen-211/lab6/lab6/alu_tb.sv Line: 1
Info (12021): Found 1 design units, including 1 entities, in source file /users/makac/cpen-211/lab6/lab6/alu.sv
    Info (12023): Found entity 1: ALU File: C:/Users/makac/cpen-211/lab6/lab6/alu.sv Line: 1
Warning (10236): Verilog HDL Implicit Net warning at cpu.sv(68): created implicit net for "AlUop" File: C:/Users/makac/cpen-211/lab6/lab6/cpu.sv Line: 68
Info (12127): Elaborating entity "cpu" for the top level hierarchy
Warning (10034): Output port "N" at cpu.sv(5) has no driver File: C:/Users/makac/cpen-211/lab6/lab6/cpu.sv Line: 5
Warning (10034): Output port "V" at cpu.sv(5) has no driver File: C:/Users/makac/cpen-211/lab6/lab6/cpu.sv Line: 5
Info (12128): Elaborating entity "instruction_register" for hierarchy "instruction_register:instructionRegister" File: C:/Users/makac/cpen-211/lab6/lab6/cpu.sv Line: 17
Info (12128): Elaborating entity "Instruction_Decoder" for hierarchy "Instruction_Decoder:instructionDecoder" File: C:/Users/makac/cpen-211/lab6/lab6/cpu.sv Line: 30
Info (12128): Elaborating entity "Mux" for hierarchy "Instruction_Decoder:instructionDecoder|Mux:muxInDecoder" File: C:/Users/makac/cpen-211/lab6/lab6/Instruction_Decoder.sv Line: 32
Info (10264): Verilog HDL Case Statement information at Instruction_Decoder.sv(62): all case item expressions in this case statement are onehot File: C:/Users/makac/cpen-211/lab6/lab6/Instruction_Decoder.sv Line: 62
Info (12128): Elaborating entity "signExtend8" for hierarchy "Instruction_Decoder:instructionDecoder|signExtend8:extend8" File: C:/Users/makac/cpen-211/lab6/lab6/Instruction_Decoder.sv Line: 42
Warning (10059): Verilog HDL Case Statement warning at Instruction_Decoder.sv(81): case item expression never matches the case expression because it contains an 'x' or 'z' value File: C:/Users/makac/cpen-211/lab6/lab6/Instruction_Decoder.sv Line: 81
Warning (10059): Verilog HDL Case Statement warning at Instruction_Decoder.sv(82): case item expression never matches the case expression because it contains an 'x' or 'z' value File: C:/Users/makac/cpen-211/lab6/lab6/Instruction_Decoder.sv Line: 82
Warning (10270): Verilog HDL Case Statement warning at Instruction_Decoder.sv(80): incomplete case statement has no default case item File: C:/Users/makac/cpen-211/lab6/lab6/Instruction_Decoder.sv Line: 80
Warning (10034): Output port "sximm8" at Instruction_Decoder.sv(75) has no driver File: C:/Users/makac/cpen-211/lab6/lab6/Instruction_Decoder.sv Line: 75
Warning (12158): Entity "signExtend8" contains only dangling pins File: C:/Users/makac/cpen-211/lab6/lab6/Instruction_Decoder.sv Line: 42
Info (12128): Elaborating entity "signExtend5" for hierarchy "Instruction_Decoder:instructionDecoder|signExtend5:extend5" File: C:/Users/makac/cpen-211/lab6/lab6/Instruction_Decoder.sv Line: 48
Warning (10059): Verilog HDL Case Statement warning at Instruction_Decoder.sv(103): case item expression never matches the case expression because it contains an 'x' or 'z' value File: C:/Users/makac/cpen-211/lab6/lab6/Instruction_Decoder.sv Line: 103
Warning (10059): Verilog HDL Case Statement warning at Instruction_Decoder.sv(104): case item expression never matches the case expression because it contains an 'x' or 'z' value File: C:/Users/makac/cpen-211/lab6/lab6/Instruction_Decoder.sv Line: 104
Warning (10270): Verilog HDL Case Statement warning at Instruction_Decoder.sv(101): incomplete case statement has no default case item File: C:/Users/makac/cpen-211/lab6/lab6/Instruction_Decoder.sv Line: 101
Warning (10034): Output port "sximm5" at Instruction_Decoder.sv(95) has no driver File: C:/Users/makac/cpen-211/lab6/lab6/Instruction_Decoder.sv Line: 95
Warning (12158): Entity "signExtend5" contains only dangling pins File: C:/Users/makac/cpen-211/lab6/lab6/Instruction_Decoder.sv Line: 48
Info (12128): Elaborating entity "fsm_controller" for hierarchy "fsm_controller:FSM" File: C:/Users/makac/cpen-211/lab6/lab6/cpu.sv Line: 48
Warning (10235): Verilog HDL Always Construct warning at fsm_controller.sv(46): variable "reset" is read inside the Always Construct but isn't in the Always Construct's Event Control File: C:/Users/makac/cpen-211/lab6/lab6/fsm_controller.sv Line: 46
Warning (10235): Verilog HDL Always Construct warning at fsm_controller.sv(46): variable "next_state" is read inside the Always Construct but isn't in the Always Construct's Event Control File: C:/Users/makac/cpen-211/lab6/lab6/fsm_controller.sv Line: 46
Warning (10230): Verilog HDL assignment warning at fsm_controller.sv(80): truncated value with size 6 to match size of target (5) File: C:/Users/makac/cpen-211/lab6/lab6/fsm_controller.sv Line: 80
Warning (10272): Verilog HDL Case Statement warning at fsm_controller.sv(68): case item expression covers a value already covered by a previous case item File: C:/Users/makac/cpen-211/lab6/lab6/fsm_controller.sv Line: 68
Warning (10272): Verilog HDL Case Statement warning at fsm_controller.sv(194): case item expression covers a value already covered by a previous case item File: C:/Users/makac/cpen-211/lab6/lab6/fsm_controller.sv Line: 194
Info (12128): Elaborating entity "datapath" for hierarchy "datapath:dp" File: C:/Users/makac/cpen-211/lab6/lab6/cpu.sv Line: 70
Warning (10230): Verilog HDL assignment warning at datapath.sv(42): truncated value with size 24 to match size of target (16) File: C:/Users/makac/cpen-211/lab6/lab6/datapath.sv Line: 42
Warning (10199): Verilog HDL Case Statement warning at datapath.sv(43): case item expression never matches the case expression File: C:/Users/makac/cpen-211/lab6/lab6/datapath.sv Line: 43
Warning (10199): Verilog HDL Case Statement warning at datapath.sv(44): case item expression never matches the case expression File: C:/Users/makac/cpen-211/lab6/lab6/datapath.sv Line: 44
Warning (10270): Verilog HDL Case Statement warning at datapath.sv(40): incomplete case statement has no default case item File: C:/Users/makac/cpen-211/lab6/lab6/datapath.sv Line: 40
Warning (10240): Verilog HDL Always Construct warning at datapath.sv(40): inferring latch(es) for variable "data_in", which holds its previous value in one or more paths through the always construct File: C:/Users/makac/cpen-211/lab6/lab6/datapath.sv Line: 40
Error (10166): SystemVerilog RTL Coding error at datapath.sv(40): always_comb construct does not infer purely combinational logic. File: C:/Users/makac/cpen-211/lab6/lab6/datapath.sv Line: 40
Info (10041): Inferred latch for "data_in[0]" at datapath.sv(40) File: C:/Users/makac/cpen-211/lab6/lab6/datapath.sv Line: 40
Info (10041): Inferred latch for "data_in[1]" at datapath.sv(40) File: C:/Users/makac/cpen-211/lab6/lab6/datapath.sv Line: 40
Info (10041): Inferred latch for "data_in[2]" at datapath.sv(40) File: C:/Users/makac/cpen-211/lab6/lab6/datapath.sv Line: 40
Info (10041): Inferred latch for "data_in[3]" at datapath.sv(40) File: C:/Users/makac/cpen-211/lab6/lab6/datapath.sv Line: 40
Info (10041): Inferred latch for "data_in[4]" at datapath.sv(40) File: C:/Users/makac/cpen-211/lab6/lab6/datapath.sv Line: 40
Info (10041): Inferred latch for "data_in[5]" at datapath.sv(40) File: C:/Users/makac/cpen-211/lab6/lab6/datapath.sv Line: 40
Info (10041): Inferred latch for "data_in[6]" at datapath.sv(40) File: C:/Users/makac/cpen-211/lab6/lab6/datapath.sv Line: 40
Info (10041): Inferred latch for "data_in[7]" at datapath.sv(40) File: C:/Users/makac/cpen-211/lab6/lab6/datapath.sv Line: 40
Info (10041): Inferred latch for "data_in[8]" at datapath.sv(40) File: C:/Users/makac/cpen-211/lab6/lab6/datapath.sv Line: 40
Info (10041): Inferred latch for "data_in[9]" at datapath.sv(40) File: C:/Users/makac/cpen-211/lab6/lab6/datapath.sv Line: 40
Info (10041): Inferred latch for "data_in[10]" at datapath.sv(40) File: C:/Users/makac/cpen-211/lab6/lab6/datapath.sv Line: 40
Info (10041): Inferred latch for "data_in[11]" at datapath.sv(40) File: C:/Users/makac/cpen-211/lab6/lab6/datapath.sv Line: 40
Info (10041): Inferred latch for "data_in[12]" at datapath.sv(40) File: C:/Users/makac/cpen-211/lab6/lab6/datapath.sv Line: 40
Info (10041): Inferred latch for "data_in[13]" at datapath.sv(40) File: C:/Users/makac/cpen-211/lab6/lab6/datapath.sv Line: 40
Info (10041): Inferred latch for "data_in[14]" at datapath.sv(40) File: C:/Users/makac/cpen-211/lab6/lab6/datapath.sv Line: 40
Info (10041): Inferred latch for "data_in[15]" at datapath.sv(40) File: C:/Users/makac/cpen-211/lab6/lab6/datapath.sv Line: 40
Error (12152): Can't elaborate user hierarchy "datapath:dp" File: C:/Users/makac/cpen-211/lab6/lab6/cpu.sv Line: 70
Error: Quartus Prime Analysis & Synthesis was unsuccessful. 2 errors, 25 warnings
    Error: Peak virtual memory: 4774 megabytes
    Error: Processing ended: Tue Nov 21 21:45:41 2023
    Error: Elapsed time: 00:00:11
    Error: Total CPU time (on all processors): 00:00:09


