------------------------------------------------------------
Timing Analyzer Summary
------------------------------------------------------------

Type  : Slow 1100mV 85C Model Setup 'KEY[0]'
Slack : -5.662
TNS   : -783.230

Type  : Slow 1100mV 85C Model Hold 'KEY[0]'
Slack : 0.218
TNS   : 0.000

Type  : Slow 1100mV 85C Model Minimum Pulse Width 'KEY[0]'
Slack : -0.394
TNS   : -121.418

Type  : Slow 1100mV 85C Model Minimum Pulse Width 'CLOCK_50'
Slack : -0.394
TNS   : -8.463

Type  : Slow 1100mV 0C Model Setup 'KEY[0]'
Slack : -5.524
TNS   : -744.440

Type  : Slow 1100mV 0C Model Hold 'KEY[0]'
Slack : 0.283
TNS   : 0.000

Type  : Slow 1100mV 0C Model Minimum Pulse Width 'KEY[0]'
Slack : -0.394
TNS   : -115.037

Type  : Slow 1100mV 0C Model Minimum Pulse Width 'CLOCK_50'
Slack : -0.394
TNS   : -9.052

Type  : Fast 1100mV 85C Model Setup 'KEY[0]'
Slack : -3.744
TNS   : -364.572

Type  : Fast 1100mV 85C Model Hold 'KEY[0]'
Slack : 0.142
TNS   : 0.000

Type  : Fast 1100mV 85C Model Minimum Pulse Width 'KEY[0]'
Slack : -0.315
TNS   : -65.258

Type  : Fast 1100mV 85C Model Minimum Pulse Width 'CLOCK_50'
Slack : -0.090
TNS   : -1.387

Type  : Fast 1100mV 0C Model Setup 'KEY[0]'
Slack : -3.109
TNS   : -308.935

Type  : Fast 1100mV 0C Model Hold 'KEY[0]'
Slack : 0.148
TNS   : 0.000

Type  : Fast 1100mV 0C Model Minimum Pulse Width 'KEY[0]'
Slack : -0.315
TNS   : -64.247

Type  : Fast 1100mV 0C Model Minimum Pulse Width 'CLOCK_50'
Slack : -0.088
TNS   : -1.359

------------------------------------------------------------
